// Jest Snapshot v1, https://goo.gl/fbAQLP

exports[`should render EditExpense correctly 1`] = `
<div>
  <div
    className="page-header"
  >
    <div
      className="content-container"
    >
      <h1
        className="page-header__title"
      >
        Edit Expense
      </h1>
    </div>
  </div>
  <div
    className="content-container"
  >
    <ExpenseForm
      expense={
        Object {
          "amount": 65800,
          "createdAt": 345600000,
          "description": "Car Finance",
          "id": "3",
          "note": "Mercedes a180",
        }
      }
      onSubmit={[Function]}
    />
    <button
      className="btn btn--red"
      onClick={[Function]}
    >
      Remove Expense
    </button>
    <RemoveModal
      handelCloseModal={[Function]}
      modalOpen={false}
      onRemove={[Function]}
    />
  </div>
</div>
`;
