// Jest Snapshot v1, https://goo.gl/fbAQLP

exports[`should render header correctly 1`] = `
<header
  className="header"
>
  <div
    className="content-container"
  >
    <div
      className="header__content"
    >
      <Link
        className="header__title"
        replace={false}
        to="/dashboard"
      >
        <h1>
          Expense Tracker
        </h1>
      </Link>
      <button
        className="header__profile btn btn--clear"
        onClick={[Function]}
      >
        <div
          className="header__profile--photo"
        >
          <img
            alt=""
            src={null}
          />
        </div>
         
        Logout
      </button>
      <CustomModal
        handelCloseModal={[Function]}
        modalAction={[Function]}
        modalOpen={false}
      />
    </div>
  </div>
</header>
`;
